[0.274s] Invoking command in '/home/ros/Documents/CAN-CTRE-PDP/build/custom_messages': /usr/bin/cmake /home/ros/Documents/CAN-CTRE-PDP/microROS_test/extra_packages/custom_messages -DCMAKE_INSTALL_PREFIX=/home/ros/Documents/CAN-CTRE-PDP/install/custom_messages
[0.406s] -- The C compiler identification is GNU 11.4.0
[0.477s] -- The CXX compiler identification is GNU 11.4.0
[0.486s] -- Detecting C compiler ABI info
[0.625s] -- Detecting C compiler ABI info - done
[0.625s] -- Check for working C compiler: /usr/bin/cc - skipped
[0.625s] -- Detecting C compile features
[0.625s] -- Detecting C compile features - done
[0.635s] -- Detecting CXX compiler ABI info
[0.822s] -- Detecting CXX compiler ABI info - done
[0.829s] -- Check for working CXX compiler: /usr/bin/c++ - skipped
[0.832s] -- Detecting CXX compile features
[0.832s] -- Detecting CXX compile features - done
[0.839s] [31mCMake Error at CMakeLists.txt:9 (find_package):
[0.840s]   By not providing "Findament_cmake.cmake" in CMAKE_MODULE_PATH this project
[0.840s]   has asked CMake to find a package configuration file provided by
[0.840s]   "ament_cmake", but CMake did not find one.
[0.840s] 
[0.840s]   Could not find a package configuration file provided by "ament_cmake" with
[0.840s]   any of the following names:
[0.840s] 
[0.840s]     ament_cmakeConfig.cmake
[0.840s]     ament_cmake-config.cmake
[0.840s] 
[0.841s]   Add the installation prefix of "ament_cmake" to CMAKE_PREFIX_PATH or set
[0.841s]   "ament_cmake_DIR" to a directory containing one of the above files.  If
[0.841s]   "ament_cmake" provides a separate development package or SDK, be sure it
[0.841s]   has been installed.
[0.841s] 
[0.841s] [0m
[0.841s] -- Configuring incomplete, errors occurred!
[0.841s] See also "/home/ros/Documents/CAN-CTRE-PDP/build/custom_messages/CMakeFiles/CMakeOutput.log".
[0.861s] Invoked command in '/home/ros/Documents/CAN-CTRE-PDP/build/custom_messages' returned '1': /usr/bin/cmake /home/ros/Documents/CAN-CTRE-PDP/microROS_test/extra_packages/custom_messages -DCMAKE_INSTALL_PREFIX=/home/ros/Documents/CAN-CTRE-PDP/install/custom_messages
