[0.453s] DEBUG:colcon:Command line arguments: ['/usr/bin/colcon', 'build', '--packages-select', 'cometbot_control']
[0.454s] DEBUG:colcon:Parsed command line arguments: Namespace(log_base=None, log_level=None, verb_name='build', build_base='build', install_base='install', merge_install=False, symlink_install=False, test_result_base=None, continue_on_error=False, executor='parallel', parallel_workers=20, event_handlers=None, ignore_user_meta=False, metas=['./colcon.meta'], base_paths=['.'], packages_ignore=None, packages_ignore_regex=None, paths=None, packages_up_to=None, packages_up_to_regex=None, packages_above=None, packages_above_and_dependencies=None, packages_above_depth=None, packages_select_by_dep=None, packages_skip_by_dep=None, packages_skip_up_to=None, packages_select_build_failed=False, packages_skip_build_finished=False, packages_select_test_failures=False, packages_skip_test_passed=False, packages_select=['cometbot_control'], packages_skip=None, packages_select_regex=None, packages_skip_regex=None, packages_start=None, packages_end=None, cmake_args=None, cmake_target=None, cmake_target_skip_unavailable=False, cmake_clean_cache=False, cmake_clean_first=False, cmake_force_configure=False, ament_cmake_args=None, catkin_cmake_args=None, catkin_skip_building_tests=False, mixin_files=None, mixin=None, verb_parser=<colcon_mixin.mixin.mixin_argument.MixinArgumentDecorator object at 0x7fbe153632e0>, verb_extension=<colcon_core.verb.build.BuildVerb object at 0x7fbe1551c880>, main=<bound method BuildVerb.main of <colcon_core.verb.build.BuildVerb object at 0x7fbe1551c880>>, mixin_verb=('build',))
[0.746s] Level 1:colcon.colcon_core.package_discovery:discover_packages(colcon_meta) check parameters
[0.747s] INFO:colcon.colcon_metadata.package_discovery.colcon_meta:Using configuration from '/root/.colcon/metadata/default/Gazebo.meta'
[0.748s] INFO:colcon.colcon_metadata.package_discovery.colcon_meta:Using configuration from '/root/.colcon/metadata/default/fastdds.meta'
[0.748s] INFO:colcon.colcon_metadata.package_discovery.colcon_meta:Using configuration from '/root/.colcon/metadata/default/fastrtps.meta'
[0.749s] Level 1:colcon.colcon_core.package_discovery:discover_packages(recursive) check parameters
[0.749s] Level 1:colcon.colcon_core.package_discovery:discover_packages(ignore) check parameters
[0.749s] Level 1:colcon.colcon_core.package_discovery:discover_packages(path) check parameters
[0.749s] Level 1:colcon.colcon_core.package_discovery:discover_packages(colcon_meta) discover
[0.749s] Level 1:colcon.colcon_core.package_discovery:discover_packages(recursive) discover
[0.749s] INFO:colcon.colcon_core.package_discovery:Crawling recursively for packages in '/root/CAN/cometbot_ws/src'
[0.749s] Level 1:colcon.colcon_core.package_identification:_identify(.) by extensions ['ignore', 'ignore_ament_install']
[0.749s] Level 1:colcon.colcon_core.package_identification:_identify(.) by extension 'ignore'
[0.749s] Level 1:colcon.colcon_core.package_identification:_identify(.) by extension 'ignore_ament_install'
[0.749s] Level 1:colcon.colcon_core.package_identification:_identify(.) by extensions ['colcon_pkg']
[0.749s] Level 1:colcon.colcon_core.package_identification:_identify(.) by extension 'colcon_pkg'
[0.749s] Level 1:colcon.colcon_core.package_identification:_identify(.) by extensions ['colcon_meta']
[0.749s] Level 1:colcon.colcon_core.package_identification:_identify(.) by extension 'colcon_meta'
[0.749s] Level 1:colcon.colcon_core.package_identification:_identify(.) by extensions ['ros']
[0.749s] Level 1:colcon.colcon_core.package_identification:_identify(.) by extension 'ros'
[0.772s] Level 1:colcon.colcon_core.package_identification:_identify(.) by extensions ['cmake', 'python']
[0.772s] Level 1:colcon.colcon_core.package_identification:_identify(.) by extension 'cmake'
[0.772s] Level 1:colcon.colcon_core.package_identification:_identify(.) by extension 'python'
[0.772s] Level 1:colcon.colcon_core.package_identification:_identify(.) by extensions ['python_setup_py']
[0.772s] Level 1:colcon.colcon_core.package_identification:_identify(.) by extension 'python_setup_py'
[0.773s] Level 1:colcon.colcon_core.package_identification:_identify(build) by extensions ['ignore', 'ignore_ament_install']
[0.773s] Level 1:colcon.colcon_core.package_identification:_identify(build) by extension 'ignore'
[0.773s] Level 1:colcon.colcon_core.package_identification:_identify(build) ignored
[0.773s] Level 1:colcon.colcon_core.package_identification:_identify(cometbot_control) by extensions ['ignore', 'ignore_ament_install']
[0.773s] Level 1:colcon.colcon_core.package_identification:_identify(cometbot_control) by extension 'ignore'
[0.773s] Level 1:colcon.colcon_core.package_identification:_identify(cometbot_control) by extension 'ignore_ament_install'
[0.773s] Level 1:colcon.colcon_core.package_identification:_identify(cometbot_control) by extensions ['colcon_pkg']
[0.773s] Level 1:colcon.colcon_core.package_identification:_identify(cometbot_control) by extension 'colcon_pkg'
[0.773s] Level 1:colcon.colcon_core.package_identification:_identify(cometbot_control) by extensions ['colcon_meta']
[0.773s] Level 1:colcon.colcon_core.package_identification:_identify(cometbot_control) by extension 'colcon_meta'
[0.774s] Level 1:colcon.colcon_core.package_identification:_identify(cometbot_control) by extensions ['ros']
[0.774s] Level 1:colcon.colcon_core.package_identification:_identify(cometbot_control) by extension 'ros'
[0.777s] DEBUG:colcon.colcon_core.package_identification:Package 'cometbot_control' with type 'ros.ament_python' and name 'cometbot_control'
[0.778s] Level 1:colcon.colcon_core.package_identification:_identify(install) by extensions ['ignore', 'ignore_ament_install']
[0.778s] Level 1:colcon.colcon_core.package_identification:_identify(install) by extension 'ignore'
[0.778s] Level 1:colcon.colcon_core.package_identification:_identify(install) ignored
[0.778s] Level 1:colcon.colcon_core.package_identification:_identify(log) by extensions ['ignore', 'ignore_ament_install']
[0.778s] Level 1:colcon.colcon_core.package_identification:_identify(log) by extension 'ignore'
[0.778s] Level 1:colcon.colcon_core.package_identification:_identify(log) ignored
[0.778s] Level 1:colcon.colcon_core.package_discovery:discover_packages(recursive) using defaults
[0.779s] Level 1:colcon.colcon_core.package_discovery:discover_packages(ignore) discover
[0.779s] Level 1:colcon.colcon_core.package_discovery:discover_packages(ignore) using defaults
[0.779s] Level 1:colcon.colcon_core.package_discovery:discover_packages(path) discover
[0.779s] Level 1:colcon.colcon_core.package_discovery:discover_packages(path) using defaults
[0.809s] Level 5:colcon.colcon_core.verb:set package 'cometbot_control' build argument 'cmake_args' from command line to 'None'
[0.810s] Level 5:colcon.colcon_core.verb:set package 'cometbot_control' build argument 'cmake_target' from command line to 'None'
[0.810s] Level 5:colcon.colcon_core.verb:set package 'cometbot_control' build argument 'cmake_target_skip_unavailable' from command line to 'False'
[0.810s] Level 5:colcon.colcon_core.verb:set package 'cometbot_control' build argument 'cmake_clean_cache' from command line to 'False'
[0.810s] Level 5:colcon.colcon_core.verb:set package 'cometbot_control' build argument 'cmake_clean_first' from command line to 'False'
[0.810s] Level 5:colcon.colcon_core.verb:set package 'cometbot_control' build argument 'cmake_force_configure' from command line to 'False'
[0.810s] Level 5:colcon.colcon_core.verb:set package 'cometbot_control' build argument 'ament_cmake_args' from command line to 'None'
[0.810s] Level 5:colcon.colcon_core.verb:set package 'cometbot_control' build argument 'catkin_cmake_args' from command line to 'None'
[0.810s] Level 5:colcon.colcon_core.verb:set package 'cometbot_control' build argument 'catkin_skip_building_tests' from command line to 'False'
[0.810s] DEBUG:colcon.colcon_core.verb:Building package 'cometbot_control' with the following arguments: {'ament_cmake_args': None, 'build_base': '/root/CAN/cometbot_ws/src/build/cometbot_control', 'catkin_cmake_args': None, 'catkin_skip_building_tests': False, 'cmake_args': None, 'cmake_clean_cache': False, 'cmake_clean_first': False, 'cmake_force_configure': False, 'cmake_target': None, 'cmake_target_skip_unavailable': False, 'install_base': '/root/CAN/cometbot_ws/src/install/cometbot_control', 'merge_install': False, 'path': '/root/CAN/cometbot_ws/src/cometbot_control', 'symlink_install': False, 'test_result_base': None}
[0.810s] INFO:colcon.colcon_core.executor:Executing jobs using 'parallel' executor
[0.818s] DEBUG:colcon.colcon_parallel_executor.executor.parallel:run_until_complete
[0.818s] INFO:colcon.colcon_ros.task.ament_python.build:Building ROS package in '/root/CAN/cometbot_ws/src/cometbot_control' with build type 'ament_python'
[0.818s] Level 1:colcon.colcon_core.shell:create_environment_hook('cometbot_control', 'ament_prefix_path')
[0.836s] INFO:colcon.colcon_core.plugin_system:Skipping extension 'colcon_core.shell.bat': Not used on non-Windows systems
[0.837s] INFO:colcon.colcon_core.shell:Creating environment hook '/root/CAN/cometbot_ws/src/install/cometbot_control/share/cometbot_control/hook/ament_prefix_path.ps1'
[0.840s] INFO:colcon.colcon_core.shell:Creating environment descriptor '/root/CAN/cometbot_ws/src/install/cometbot_control/share/cometbot_control/hook/ament_prefix_path.dsv'
[0.842s] INFO:colcon.colcon_core.shell:Creating environment hook '/root/CAN/cometbot_ws/src/install/cometbot_control/share/cometbot_control/hook/ament_prefix_path.sh'
[0.845s] INFO:colcon.colcon_core.shell:Skip shell extension 'powershell' for command environment: Not usable outside of PowerShell
[0.845s] DEBUG:colcon.colcon_core.shell:Skip shell extension 'dsv' for command environment
[1.425s] INFO:colcon.colcon_core.task.python.build:Building Python package in '/root/CAN/cometbot_ws/src/cometbot_control'
[1.426s] INFO:colcon.colcon_core.shell:Skip shell extension 'powershell' for command environment: Not usable outside of PowerShell
[1.426s] DEBUG:colcon.colcon_core.shell:Skip shell extension 'dsv' for command environment
[2.931s] DEBUG:colcon.colcon_core.event_handler.log_command:Invoking command in '/root/CAN/cometbot_ws/src/cometbot_control': PYTHONPATH=/root/CAN/cometbot_ws/src/build/cometbot_control/prefix_override:/usr/lib/python3/dist-packages/colcon_core/task/python/colcon_distutils_commands:/root/CAN/cometbot_ws/src/install/cometbot_control/lib/python3.10/site-packages:${PYTHONPATH} /usr/bin/python3 -W ignore:setup.py install is deprecated -W ignore:easy_install command is deprecated setup.py egg_info --egg-base ../build/cometbot_control build --build-base /root/CAN/cometbot_ws/src/build/cometbot_control/build install --record /root/CAN/cometbot_ws/src/build/cometbot_control/install.log --single-version-externally-managed install_data
[3.570s] DEBUG:colcon.colcon_core.event_handler.log_command:Invoked command in '/root/CAN/cometbot_ws/src/cometbot_control' returned '0': PYTHONPATH=/root/CAN/cometbot_ws/src/build/cometbot_control/prefix_override:/usr/lib/python3/dist-packages/colcon_core/task/python/colcon_distutils_commands:/root/CAN/cometbot_ws/src/install/cometbot_control/lib/python3.10/site-packages:${PYTHONPATH} /usr/bin/python3 -W ignore:setup.py install is deprecated -W ignore:easy_install command is deprecated setup.py egg_info --egg-base ../build/cometbot_control build --build-base /root/CAN/cometbot_ws/src/build/cometbot_control/build install --record /root/CAN/cometbot_ws/src/build/cometbot_control/install.log --single-version-externally-managed install_data
[3.616s] Level 1:colcon.colcon_core.environment:checking '/root/CAN/cometbot_ws/src/install/cometbot_control' for CMake module files
[3.619s] Level 1:colcon.colcon_core.environment:checking '/root/CAN/cometbot_ws/src/install/cometbot_control' for CMake config files
[3.626s] Level 1:colcon.colcon_core.environment:checking '/root/CAN/cometbot_ws/src/install/cometbot_control/lib'
[3.627s] Level 1:colcon.colcon_core.environment:checking '/root/CAN/cometbot_ws/src/install/cometbot_control/bin'
[3.627s] Level 1:colcon.colcon_core.environment:checking '/root/CAN/cometbot_ws/src/install/cometbot_control/lib/pkgconfig/cometbot_control.pc'
[3.628s] Level 1:colcon.colcon_core.environment:checking '/root/CAN/cometbot_ws/src/install/cometbot_control/lib/python3.10/site-packages'
[3.628s] Level 1:colcon.colcon_core.shell:create_environment_hook('cometbot_control', 'pythonpath')
[3.629s] INFO:colcon.colcon_core.shell:Creating environment hook '/root/CAN/cometbot_ws/src/install/cometbot_control/share/cometbot_control/hook/pythonpath.ps1'
[3.632s] INFO:colcon.colcon_core.shell:Creating environment descriptor '/root/CAN/cometbot_ws/src/install/cometbot_control/share/cometbot_control/hook/pythonpath.dsv'
[3.634s] INFO:colcon.colcon_core.shell:Creating environment hook '/root/CAN/cometbot_ws/src/install/cometbot_control/share/cometbot_control/hook/pythonpath.sh'
[3.637s] Level 1:colcon.colcon_core.environment:checking '/root/CAN/cometbot_ws/src/install/cometbot_control/bin'
[3.637s] Level 1:colcon.colcon_core.environment:create_environment_scripts_only(cometbot_control)
[3.638s] INFO:colcon.colcon_core.shell:Creating package script '/root/CAN/cometbot_ws/src/install/cometbot_control/share/cometbot_control/package.ps1'
[3.642s] INFO:colcon.colcon_core.shell:Creating package descriptor '/root/CAN/cometbot_ws/src/install/cometbot_control/share/cometbot_control/package.dsv'
[3.645s] INFO:colcon.colcon_core.shell:Creating package script '/root/CAN/cometbot_ws/src/install/cometbot_control/share/cometbot_control/package.sh'
[3.648s] INFO:colcon.colcon_core.shell:Creating package script '/root/CAN/cometbot_ws/src/install/cometbot_control/share/cometbot_control/package.bash'
[3.653s] INFO:colcon.colcon_core.shell:Creating package script '/root/CAN/cometbot_ws/src/install/cometbot_control/share/cometbot_control/package.zsh'
[3.661s] Level 1:colcon.colcon_core.environment:create_file_with_runtime_dependencies(/root/CAN/cometbot_ws/src/install/cometbot_control/share/colcon-core/packages/cometbot_control)
[3.663s] DEBUG:colcon.colcon_parallel_executor.executor.parallel:closing loop
[3.664s] DEBUG:colcon.colcon_parallel_executor.executor.parallel:loop closed
[3.665s] DEBUG:colcon.colcon_parallel_executor.executor.parallel:run_until_complete finished with '0'
[3.665s] DEBUG:colcon.colcon_core.event_reactor:joining thread
[3.756s] INFO:colcon.colcon_core.plugin_system:Skipping extension 'colcon_notification.desktop_notification.notify_send': Could not find 'notify-send'
[3.757s] INFO:colcon.colcon_core.plugin_system:Skipping extension 'colcon_notification.desktop_notification.terminal_notifier': Not used on non-Darwin systems
[3.757s] INFO:colcon.colcon_core.plugin_system:Skipping extension 'colcon_notification.desktop_notification.win32': Not used on non-Windows systems
[3.757s] INFO:colcon.colcon_notification.desktop_notification:Sending desktop notification using 'notify2'
[3.777s] DEBUG:colcon.colcon_notification.desktop_notification.notify2:Failed to initialize notify2: org.freedesktop.DBus.Error.Spawn.ExecFailed: /usr/bin/dbus-launch terminated abnormally without any error message
[3.778s] DEBUG:colcon.colcon_core.event_reactor:joined thread
[3.779s] INFO:colcon.colcon_core.shell:Creating prefix script '/root/CAN/cometbot_ws/src/install/local_setup.ps1'
[3.786s] INFO:colcon.colcon_core.shell:Creating prefix util module '/root/CAN/cometbot_ws/src/install/_local_setup_util_ps1.py'
[3.794s] INFO:colcon.colcon_core.shell:Creating prefix chain script '/root/CAN/cometbot_ws/src/install/setup.ps1'
[3.798s] INFO:colcon.colcon_core.shell:Creating prefix script '/root/CAN/cometbot_ws/src/install/local_setup.sh'
[3.801s] INFO:colcon.colcon_core.shell:Creating prefix util module '/root/CAN/cometbot_ws/src/install/_local_setup_util_sh.py'
[3.803s] INFO:colcon.colcon_core.shell:Creating prefix chain script '/root/CAN/cometbot_ws/src/install/setup.sh'
[3.807s] INFO:colcon.colcon_core.shell:Creating prefix script '/root/CAN/cometbot_ws/src/install/local_setup.bash'
[3.809s] INFO:colcon.colcon_core.shell:Creating prefix chain script '/root/CAN/cometbot_ws/src/install/setup.bash'
[3.812s] INFO:colcon.colcon_core.shell:Creating prefix script '/root/CAN/cometbot_ws/src/install/local_setup.zsh'
[3.814s] INFO:colcon.colcon_core.shell:Creating prefix chain script '/root/CAN/cometbot_ws/src/install/setup.zsh'
