[0.694s] Invoking command in '/home/aerobotics/CAN/cometbot_ws/src/cometbot_control': PYTHONPATH=/home/aerobotics/CAN/cometbot_ws/build/cometbot_control/prefix_override:/usr/lib/python3/dist-packages/colcon_core/task/python/colcon_distutils_commands:/home/aerobotics/CAN/cometbot_ws/install/cometbot_control/lib/python3.10/site-packages:${PYTHONPATH} /usr/bin/python3 -W ignore:setup.py install is deprecated -W ignore:easy_install command is deprecated setup.py egg_info --egg-base ../../build/cometbot_control build --build-base /home/aerobotics/CAN/cometbot_ws/build/cometbot_control/build install --record /home/aerobotics/CAN/cometbot_ws/build/cometbot_control/install.log --single-version-externally-managed install_data
[0.917s] running egg_info
[0.918s] creating ../../build/cometbot_control/cometbot_control.egg-info
[0.918s] writing ../../build/cometbot_control/cometbot_control.egg-info/PKG-INFO
[0.918s] writing dependency_links to ../../build/cometbot_control/cometbot_control.egg-info/dependency_links.txt
[0.918s] writing entry points to ../../build/cometbot_control/cometbot_control.egg-info/entry_points.txt
[0.918s] writing requirements to ../../build/cometbot_control/cometbot_control.egg-info/requires.txt
[0.919s] writing top-level names to ../../build/cometbot_control/cometbot_control.egg-info/top_level.txt
[0.919s] writing manifest file '../../build/cometbot_control/cometbot_control.egg-info/SOURCES.txt'
[0.920s] reading manifest file '../../build/cometbot_control/cometbot_control.egg-info/SOURCES.txt'
[0.920s] adding license file 'LICENSE'
[0.921s] writing manifest file '../../build/cometbot_control/cometbot_control.egg-info/SOURCES.txt'
[0.921s] running build
[0.921s] running build_py
[0.921s] creating /home/aerobotics/CAN/cometbot_ws/build/cometbot_control/build
[0.921s] creating /home/aerobotics/CAN/cometbot_ws/build/cometbot_control/build/lib
[0.921s] creating /home/aerobotics/CAN/cometbot_ws/build/cometbot_control/build/lib/cometbot_control
[0.921s] copying cometbot_control/__init__.py -> /home/aerobotics/CAN/cometbot_ws/build/cometbot_control/build/lib/cometbot_control
[0.921s] copying cometbot_control/teleop_publisher.py -> /home/aerobotics/CAN/cometbot_ws/build/cometbot_control/build/lib/cometbot_control
[0.922s] running install
[0.922s] running install_lib
[0.923s] creating /home/aerobotics/CAN/cometbot_ws/install/cometbot_control/lib/python3.10/site-packages/cometbot_control
[0.923s] copying /home/aerobotics/CAN/cometbot_ws/build/cometbot_control/build/lib/cometbot_control/__init__.py -> /home/aerobotics/CAN/cometbot_ws/install/cometbot_control/lib/python3.10/site-packages/cometbot_control
[0.923s] copying /home/aerobotics/CAN/cometbot_ws/build/cometbot_control/build/lib/cometbot_control/teleop_publisher.py -> /home/aerobotics/CAN/cometbot_ws/install/cometbot_control/lib/python3.10/site-packages/cometbot_control
[0.923s] byte-compiling /home/aerobotics/CAN/cometbot_ws/install/cometbot_control/lib/python3.10/site-packages/cometbot_control/__init__.py to __init__.cpython-310.pyc
[0.924s] byte-compiling /home/aerobotics/CAN/cometbot_ws/install/cometbot_control/lib/python3.10/site-packages/cometbot_control/teleop_publisher.py to teleop_publisher.cpython-310.pyc
[0.924s] running install_data
[0.925s] creating /home/aerobotics/CAN/cometbot_ws/install/cometbot_control/share/ament_index
[0.925s] creating /home/aerobotics/CAN/cometbot_ws/install/cometbot_control/share/ament_index/resource_index
[0.925s] creating /home/aerobotics/CAN/cometbot_ws/install/cometbot_control/share/ament_index/resource_index/packages
[0.925s] copying resource/cometbot_control -> /home/aerobotics/CAN/cometbot_ws/install/cometbot_control/share/ament_index/resource_index/packages
[0.925s] copying package.xml -> /home/aerobotics/CAN/cometbot_ws/install/cometbot_control/share/cometbot_control
[0.925s] running install_egg_info
[0.926s] Copying ../../build/cometbot_control/cometbot_control.egg-info to /home/aerobotics/CAN/cometbot_ws/install/cometbot_control/lib/python3.10/site-packages/cometbot_control-0.0.1-py3.10.egg-info
[0.927s] running install_scripts
[0.947s] Installing teleop_publisher script to /home/aerobotics/CAN/cometbot_ws/install/cometbot_control/lib/cometbot_control
[0.947s] writing list of installed files to '/home/aerobotics/CAN/cometbot_ws/build/cometbot_control/install.log'
[0.970s] Invoked command in '/home/aerobotics/CAN/cometbot_ws/src/cometbot_control' returned '0': PYTHONPATH=/home/aerobotics/CAN/cometbot_ws/build/cometbot_control/prefix_override:/usr/lib/python3/dist-packages/colcon_core/task/python/colcon_distutils_commands:/home/aerobotics/CAN/cometbot_ws/install/cometbot_control/lib/python3.10/site-packages:${PYTHONPATH} /usr/bin/python3 -W ignore:setup.py install is deprecated -W ignore:easy_install command is deprecated setup.py egg_info --egg-base ../../build/cometbot_control build --build-base /home/aerobotics/CAN/cometbot_ws/build/cometbot_control/build install --record /home/aerobotics/CAN/cometbot_ws/build/cometbot_control/install.log --single-version-externally-managed install_data
