[0.085s] DEBUG:colcon:Command line arguments: ['/usr/bin/colcon', 'build', '--symlink-install']
[0.085s] DEBUG:colcon:Parsed command line arguments: Namespace(log_base=None, log_level=None, verb_name='build', build_base='build', install_base='install', merge_install=False, symlink_install=True, test_result_base=None, continue_on_error=False, executor='parallel', parallel_workers=2, event_handlers=None, ignore_user_meta=False, metas=['./colcon.meta'], base_paths=['.'], packages_ignore=None, packages_ignore_regex=None, paths=None, packages_up_to=None, packages_up_to_regex=None, packages_above=None, packages_above_and_dependencies=None, packages_above_depth=None, packages_select_by_dep=None, packages_skip_by_dep=None, packages_skip_up_to=None, packages_select_build_failed=False, packages_skip_build_finished=False, packages_select_test_failures=False, packages_skip_test_passed=False, packages_select=None, packages_skip=None, packages_select_regex=None, packages_skip_regex=None, packages_start=None, packages_end=None, allow_overriding=[], cmake_args=None, cmake_target=None, cmake_target_skip_unavailable=False, cmake_clean_cache=False, cmake_clean_first=False, cmake_force_configure=False, ament_cmake_args=None, catkin_cmake_args=None, catkin_skip_building_tests=False, verb_parser=<colcon_defaults.argument_parser.defaults.DefaultArgumentsDecorator object at 0x7a230ed66410>, verb_extension=<colcon_core.verb.build.BuildVerb object at 0x7a230ed66110>, main=<bound method BuildVerb.main of <colcon_core.verb.build.BuildVerb object at 0x7a230ed66110>>)
[0.118s] Level 1:colcon.colcon_core.package_discovery:discover_packages(colcon_meta) check parameters
[0.118s] Level 1:colcon.colcon_core.package_discovery:discover_packages(recursive) check parameters
[0.118s] Level 1:colcon.colcon_core.package_discovery:discover_packages(ignore) check parameters
[0.118s] Level 1:colcon.colcon_core.package_discovery:discover_packages(path) check parameters
[0.118s] Level 1:colcon.colcon_core.package_discovery:discover_packages(colcon_meta) discover
[0.118s] Level 1:colcon.colcon_core.package_discovery:discover_packages(recursive) discover
[0.118s] INFO:colcon.colcon_core.package_discovery:Crawling recursively for packages in '/home/ros/Documents/DEMO2'
[0.118s] Level 1:colcon.colcon_core.package_identification:_identify(.) by extensions ['ignore', 'ignore_ament_install']
[0.118s] Level 1:colcon.colcon_core.package_identification:_identify(.) by extension 'ignore'
[0.119s] Level 1:colcon.colcon_core.package_identification:_identify(.) by extension 'ignore_ament_install'
[0.119s] Level 1:colcon.colcon_core.package_identification:_identify(.) by extensions ['colcon_pkg']
[0.119s] Level 1:colcon.colcon_core.package_identification:_identify(.) by extension 'colcon_pkg'
[0.119s] Level 1:colcon.colcon_core.package_identification:_identify(.) by extensions ['colcon_meta']
[0.119s] Level 1:colcon.colcon_core.package_identification:_identify(.) by extension 'colcon_meta'
[0.119s] Level 1:colcon.colcon_core.package_identification:_identify(.) by extensions ['ros']
[0.119s] Level 1:colcon.colcon_core.package_identification:_identify(.) by extension 'ros'
[0.131s] Level 1:colcon.colcon_core.package_identification:_identify(.) by extensions ['cmake', 'python']
[0.131s] Level 1:colcon.colcon_core.package_identification:_identify(.) by extension 'cmake'
[0.131s] Level 1:colcon.colcon_core.package_identification:_identify(.) by extension 'python'
[0.131s] Level 1:colcon.colcon_core.package_identification:_identify(.) by extensions ['python_setup_py']
[0.131s] Level 1:colcon.colcon_core.package_identification:_identify(.) by extension 'python_setup_py'
[0.132s] Level 1:colcon.colcon_core.package_identification:_identify(build) by extensions ['ignore', 'ignore_ament_install']
[0.132s] Level 1:colcon.colcon_core.package_identification:_identify(build) by extension 'ignore'
[0.132s] Level 1:colcon.colcon_core.package_identification:_identify(build) ignored
[0.132s] Level 1:colcon.colcon_core.package_identification:_identify(install) by extensions ['ignore', 'ignore_ament_install']
[0.132s] Level 1:colcon.colcon_core.package_identification:_identify(install) by extension 'ignore'
[0.132s] Level 1:colcon.colcon_core.package_identification:_identify(install) ignored
[0.132s] Level 1:colcon.colcon_core.package_identification:_identify(log) by extensions ['ignore', 'ignore_ament_install']
[0.132s] Level 1:colcon.colcon_core.package_identification:_identify(log) by extension 'ignore'
[0.132s] Level 1:colcon.colcon_core.package_identification:_identify(log) ignored
[0.132s] Level 1:colcon.colcon_core.package_identification:_identify(src) by extensions ['ignore', 'ignore_ament_install']
[0.132s] Level 1:colcon.colcon_core.package_identification:_identify(src) by extension 'ignore'
[0.132s] Level 1:colcon.colcon_core.package_identification:_identify(src) by extension 'ignore_ament_install'
[0.132s] Level 1:colcon.colcon_core.package_identification:_identify(src) by extensions ['colcon_pkg']
[0.132s] Level 1:colcon.colcon_core.package_identification:_identify(src) by extension 'colcon_pkg'
[0.132s] Level 1:colcon.colcon_core.package_identification:_identify(src) by extensions ['colcon_meta']
[0.133s] Level 1:colcon.colcon_core.package_identification:_identify(src) by extension 'colcon_meta'
[0.133s] Level 1:colcon.colcon_core.package_identification:_identify(src) by extensions ['ros']
[0.133s] Level 1:colcon.colcon_core.package_identification:_identify(src) by extension 'ros'
[0.133s] Level 1:colcon.colcon_core.package_identification:_identify(src) by extensions ['cmake', 'python']
[0.133s] Level 1:colcon.colcon_core.package_identification:_identify(src) by extension 'cmake'
[0.133s] Level 1:colcon.colcon_core.package_identification:_identify(src) by extension 'python'
[0.133s] Level 1:colcon.colcon_core.package_identification:_identify(src) by extensions ['python_setup_py']
[0.133s] Level 1:colcon.colcon_core.package_identification:_identify(src) by extension 'python_setup_py'
[0.133s] Level 1:colcon.colcon_core.package_identification:_identify(src/move_controller) by extensions ['ignore', 'ignore_ament_install']
[0.133s] Level 1:colcon.colcon_core.package_identification:_identify(src/move_controller) by extension 'ignore'
[0.133s] Level 1:colcon.colcon_core.package_identification:_identify(src/move_controller) by extension 'ignore_ament_install'
[0.133s] Level 1:colcon.colcon_core.package_identification:_identify(src/move_controller) by extensions ['colcon_pkg']
[0.133s] Level 1:colcon.colcon_core.package_identification:_identify(src/move_controller) by extension 'colcon_pkg'
[0.133s] Level 1:colcon.colcon_core.package_identification:_identify(src/move_controller) by extensions ['colcon_meta']
[0.133s] Level 1:colcon.colcon_core.package_identification:_identify(src/move_controller) by extension 'colcon_meta'
[0.133s] Level 1:colcon.colcon_core.package_identification:_identify(src/move_controller) by extensions ['ros']
[0.133s] Level 1:colcon.colcon_core.package_identification:_identify(src/move_controller) by extension 'ros'
[0.135s] DEBUG:colcon.colcon_core.package_identification:Package 'src/move_controller' with type 'ros.ament_python' and name 'move_controller'
[0.135s] Level 1:colcon.colcon_core.package_discovery:discover_packages(recursive) using defaults
[0.135s] Level 1:colcon.colcon_core.package_discovery:discover_packages(ignore) discover
[0.135s] Level 1:colcon.colcon_core.package_discovery:discover_packages(ignore) using defaults
[0.135s] Level 1:colcon.colcon_core.package_discovery:discover_packages(path) discover
[0.135s] Level 1:colcon.colcon_core.package_discovery:discover_packages(path) using defaults
[0.152s] Level 1:colcon.colcon_core.package_discovery:discover_packages(prefix_path) check parameters
[0.152s] Level 1:colcon.colcon_core.package_discovery:discover_packages(prefix_path) discover
[0.153s] WARNING:colcon.colcon_ros.prefix_path.ament:The path '/home/ros/Documents/DEMO2/install/move_controller' in the environment variable AMENT_PREFIX_PATH doesn't exist
[0.154s] DEBUG:colcon.colcon_installed_package_information.package_discovery:Found 0 installed packages in /home/ros/Documents/DEMO2/install
[0.155s] DEBUG:colcon.colcon_installed_package_information.package_discovery:Found 293 installed packages in /opt/ros/humble
[0.156s] Level 1:colcon.colcon_core.package_discovery:discover_packages(prefix_path) using defaults
[0.184s] Level 5:colcon.colcon_core.verb:set package 'move_controller' build argument 'cmake_args' from command line to 'None'
[0.184s] Level 5:colcon.colcon_core.verb:set package 'move_controller' build argument 'cmake_target' from command line to 'None'
[0.184s] Level 5:colcon.colcon_core.verb:set package 'move_controller' build argument 'cmake_target_skip_unavailable' from command line to 'False'
[0.184s] Level 5:colcon.colcon_core.verb:set package 'move_controller' build argument 'cmake_clean_cache' from command line to 'False'
[0.184s] Level 5:colcon.colcon_core.verb:set package 'move_controller' build argument 'cmake_clean_first' from command line to 'False'
[0.184s] Level 5:colcon.colcon_core.verb:set package 'move_controller' build argument 'cmake_force_configure' from command line to 'False'
[0.185s] Level 5:colcon.colcon_core.verb:set package 'move_controller' build argument 'ament_cmake_args' from command line to 'None'
[0.185s] Level 5:colcon.colcon_core.verb:set package 'move_controller' build argument 'catkin_cmake_args' from command line to 'None'
[0.185s] Level 5:colcon.colcon_core.verb:set package 'move_controller' build argument 'catkin_skip_building_tests' from command line to 'False'
[0.185s] DEBUG:colcon.colcon_core.verb:Building package 'move_controller' with the following arguments: {'ament_cmake_args': None, 'build_base': '/home/ros/Documents/DEMO2/build/move_controller', 'catkin_cmake_args': None, 'catkin_skip_building_tests': False, 'cmake_args': None, 'cmake_clean_cache': False, 'cmake_clean_first': False, 'cmake_force_configure': False, 'cmake_target': None, 'cmake_target_skip_unavailable': False, 'install_base': '/home/ros/Documents/DEMO2/install/move_controller', 'merge_install': False, 'path': '/home/ros/Documents/DEMO2/src/move_controller', 'symlink_install': True, 'test_result_base': None}
[0.185s] INFO:colcon.colcon_core.executor:Executing jobs using 'parallel' executor
[0.193s] DEBUG:colcon.colcon_parallel_executor.executor.parallel:run_until_complete
[0.194s] INFO:colcon.colcon_ros.task.ament_python.build:Building ROS package in '/home/ros/Documents/DEMO2/src/move_controller' with build type 'ament_python'
[0.194s] Level 1:colcon.colcon_core.shell:create_environment_hook('move_controller', 'ament_prefix_path')
[0.197s] INFO:colcon.colcon_core.plugin_system:Skipping extension 'colcon_core.shell.bat': Not used on non-Windows systems
[0.197s] INFO:colcon.colcon_core.shell:Creating environment hook '/home/ros/Documents/DEMO2/install/move_controller/share/move_controller/hook/ament_prefix_path.ps1'
[0.198s] INFO:colcon.colcon_core.shell:Creating environment descriptor '/home/ros/Documents/DEMO2/install/move_controller/share/move_controller/hook/ament_prefix_path.dsv'
[0.198s] INFO:colcon.colcon_core.shell:Creating environment hook '/home/ros/Documents/DEMO2/install/move_controller/share/move_controller/hook/ament_prefix_path.sh'
[0.199s] INFO:colcon.colcon_core.shell:Skip shell extension 'powershell' for command environment: Not usable outside of PowerShell
[0.199s] DEBUG:colcon.colcon_core.shell:Skip shell extension 'dsv' for command environment
[0.421s] INFO:colcon.colcon_core.task.python.build:Building Python package in '/home/ros/Documents/DEMO2/src/move_controller'
[0.421s] INFO:colcon.colcon_core.shell:Skip shell extension 'powershell' for command environment: Not usable outside of PowerShell
[0.422s] DEBUG:colcon.colcon_core.shell:Skip shell extension 'dsv' for command environment
[0.991s] DEBUG:colcon.colcon_core.event_handler.log_command:Invoking command in '/home/ros/Documents/DEMO2/build/move_controller': PYTHONPATH=/home/ros/Documents/DEMO2/build/move_controller/prefix_override:/usr/lib/python3/dist-packages/colcon_core/task/python/colcon_distutils_commands:/home/ros/Documents/DEMO2/install/move_controller/lib/python3.10/site-packages:${PYTHONPATH} /usr/bin/python3 -W ignore:setup.py install is deprecated -W ignore:easy_install command is deprecated setup.py develop --editable --build-directory /home/ros/Documents/DEMO2/build/move_controller/build --no-deps symlink_data
[1.523s] Level 1:colcon.colcon_core.shell:create_environment_hook('move_controller', 'pythonpath_develop')
[1.523s] INFO:colcon.colcon_core.shell:Creating environment hook '/home/ros/Documents/DEMO2/build/move_controller/share/move_controller/hook/pythonpath_develop.ps1'
[1.524s] DEBUG:colcon.colcon_core.event_handler.log_command:Invoked command in '/home/ros/Documents/DEMO2/build/move_controller' returned '0': PYTHONPATH=/home/ros/Documents/DEMO2/build/move_controller/prefix_override:/usr/lib/python3/dist-packages/colcon_core/task/python/colcon_distutils_commands:/home/ros/Documents/DEMO2/install/move_controller/lib/python3.10/site-packages:${PYTHONPATH} /usr/bin/python3 -W ignore:setup.py install is deprecated -W ignore:easy_install command is deprecated setup.py develop --editable --build-directory /home/ros/Documents/DEMO2/build/move_controller/build --no-deps symlink_data
[1.524s] INFO:colcon.colcon_core.shell:Creating environment descriptor '/home/ros/Documents/DEMO2/build/move_controller/share/move_controller/hook/pythonpath_develop.dsv'
[1.525s] INFO:colcon.colcon_core.shell:Creating environment hook '/home/ros/Documents/DEMO2/build/move_controller/share/move_controller/hook/pythonpath_develop.sh'
[1.527s] Level 1:colcon.colcon_core.environment:checking '/home/ros/Documents/DEMO2/install/move_controller' for CMake module files
[1.527s] Level 1:colcon.colcon_core.environment:checking '/home/ros/Documents/DEMO2/install/move_controller' for CMake config files
[1.528s] Level 1:colcon.colcon_core.environment:checking '/home/ros/Documents/DEMO2/install/move_controller/lib'
[1.528s] Level 1:colcon.colcon_core.environment:checking '/home/ros/Documents/DEMO2/install/move_controller/bin'
[1.528s] Level 1:colcon.colcon_core.environment:checking '/home/ros/Documents/DEMO2/install/move_controller/lib/pkgconfig/move_controller.pc'
[1.528s] Level 1:colcon.colcon_core.environment:checking '/home/ros/Documents/DEMO2/install/move_controller/lib/python3.10/site-packages'
[1.528s] Level 1:colcon.colcon_core.shell:create_environment_hook('move_controller', 'pythonpath')
[1.528s] INFO:colcon.colcon_core.shell:Creating environment hook '/home/ros/Documents/DEMO2/install/move_controller/share/move_controller/hook/pythonpath.ps1'
[1.529s] INFO:colcon.colcon_core.shell:Creating environment descriptor '/home/ros/Documents/DEMO2/install/move_controller/share/move_controller/hook/pythonpath.dsv'
[1.529s] INFO:colcon.colcon_core.shell:Creating environment hook '/home/ros/Documents/DEMO2/install/move_controller/share/move_controller/hook/pythonpath.sh'
[1.530s] Level 1:colcon.colcon_core.environment:checking '/home/ros/Documents/DEMO2/install/move_controller/bin'
[1.530s] Level 1:colcon.colcon_core.environment:create_environment_scripts_only(move_controller)
[1.530s] INFO:colcon.colcon_core.shell:Creating package script '/home/ros/Documents/DEMO2/install/move_controller/share/move_controller/package.ps1'
[1.531s] INFO:colcon.colcon_core.shell:Creating package descriptor '/home/ros/Documents/DEMO2/install/move_controller/share/move_controller/package.dsv'
[1.531s] INFO:colcon.colcon_core.shell:Creating package script '/home/ros/Documents/DEMO2/install/move_controller/share/move_controller/package.sh'
[1.532s] INFO:colcon.colcon_core.shell:Creating package script '/home/ros/Documents/DEMO2/install/move_controller/share/move_controller/package.bash'
[1.533s] INFO:colcon.colcon_core.shell:Creating package script '/home/ros/Documents/DEMO2/install/move_controller/share/move_controller/package.zsh'
[1.533s] Level 1:colcon.colcon_core.environment:create_file_with_runtime_dependencies(/home/ros/Documents/DEMO2/install/move_controller/share/colcon-core/packages/move_controller)
[1.534s] DEBUG:colcon.colcon_parallel_executor.executor.parallel:closing loop
[1.534s] DEBUG:colcon.colcon_parallel_executor.executor.parallel:loop closed
[1.534s] DEBUG:colcon.colcon_parallel_executor.executor.parallel:run_until_complete finished with '0'
[1.534s] DEBUG:colcon.colcon_core.event_reactor:joining thread
[1.539s] INFO:colcon.colcon_core.plugin_system:Skipping extension 'colcon_notification.desktop_notification.terminal_notifier': Not used on non-Darwin systems
[1.539s] INFO:colcon.colcon_core.plugin_system:Skipping extension 'colcon_notification.desktop_notification.win32': Not used on non-Windows systems
[1.539s] INFO:colcon.colcon_notification.desktop_notification:Sending desktop notification using 'notify2'
[1.553s] DEBUG:colcon.colcon_core.event_reactor:joined thread
[1.553s] INFO:colcon.colcon_core.shell:Creating prefix script '/home/ros/Documents/DEMO2/install/local_setup.ps1'
[1.556s] INFO:colcon.colcon_core.shell:Creating prefix util module '/home/ros/Documents/DEMO2/install/_local_setup_util_ps1.py'
[1.559s] INFO:colcon.colcon_core.shell:Creating prefix chain script '/home/ros/Documents/DEMO2/install/setup.ps1'
[1.560s] INFO:colcon.colcon_core.shell:Creating prefix script '/home/ros/Documents/DEMO2/install/local_setup.sh'
[1.561s] INFO:colcon.colcon_core.shell:Creating prefix util module '/home/ros/Documents/DEMO2/install/_local_setup_util_sh.py'
[1.563s] INFO:colcon.colcon_core.shell:Creating prefix chain script '/home/ros/Documents/DEMO2/install/setup.sh'
[1.564s] INFO:colcon.colcon_core.shell:Creating prefix script '/home/ros/Documents/DEMO2/install/local_setup.bash'
[1.564s] INFO:colcon.colcon_core.shell:Creating prefix chain script '/home/ros/Documents/DEMO2/install/setup.bash'
[1.565s] INFO:colcon.colcon_core.shell:Creating prefix script '/home/ros/Documents/DEMO2/install/local_setup.zsh'
[1.565s] INFO:colcon.colcon_core.shell:Creating prefix chain script '/home/ros/Documents/DEMO2/install/setup.zsh'
