running develop
running egg_info
creating move_controller.egg-info
writing move_controller.egg-info/PKG-INFO
writing dependency_links to move_controller.egg-info/dependency_links.txt
writing entry points to move_controller.egg-info/entry_points.txt
writing requirements to move_controller.egg-info/requires.txt
writing top-level names to move_controller.egg-info/top_level.txt
writing manifest file 'move_controller.egg-info/SOURCES.txt'
reading manifest file 'move_controller.egg-info/SOURCES.txt'
writing manifest file 'move_controller.egg-info/SOURCES.txt'
running build_ext
Creating /home/aerobotics/Downloads/CAN-AprilDemo/install/move_controller/lib/python3.10/site-packages/move-controller.egg-link (link to .)
Installing move_controller script to /home/aerobotics/Downloads/CAN-AprilDemo/install/move_controller/lib/move_controller

Installed /home/aerobotics/Downloads/CAN-AprilDemo/build/move_controller
running symlink_data
creating /home/aerobotics/Downloads/CAN-AprilDemo/install/move_controller/share/ament_index
creating /home/aerobotics/Downloads/CAN-AprilDemo/install/move_controller/share/ament_index/resource_index
creating /home/aerobotics/Downloads/CAN-AprilDemo/install/move_controller/share/ament_index/resource_index/packages
symbolically linking /home/aerobotics/Downloads/CAN-AprilDemo/build/move_controller/resource/move_controller -> /home/aerobotics/Downloads/CAN-AprilDemo/install/move_controller/share/ament_index/resource_index/packages
symbolically linking /home/aerobotics/Downloads/CAN-AprilDemo/build/move_controller/package.xml -> /home/aerobotics/Downloads/CAN-AprilDemo/install/move_controller/share/move_controller
