running egg_info
creating ../../../build/cometbot_control/cometbot_control.egg-info
writing ../../../build/cometbot_control/cometbot_control.egg-info/PKG-INFO
writing dependency_links to ../../../build/cometbot_control/cometbot_control.egg-info/dependency_links.txt
writing entry points to ../../../build/cometbot_control/cometbot_control.egg-info/entry_points.txt
writing requirements to ../../../build/cometbot_control/cometbot_control.egg-info/requires.txt
writing top-level names to ../../../build/cometbot_control/cometbot_control.egg-info/top_level.txt
writing manifest file '../../../build/cometbot_control/cometbot_control.egg-info/SOURCES.txt'
reading manifest file '../../../build/cometbot_control/cometbot_control.egg-info/SOURCES.txt'
adding license file 'LICENSE'
writing manifest file '../../../build/cometbot_control/cometbot_control.egg-info/SOURCES.txt'
running build
running build_py
creating /home/ros/Documents/CAN-CTRE-PDP/build/cometbot_control/build
creating /home/ros/Documents/CAN-CTRE-PDP/build/cometbot_control/build/lib
creating /home/ros/Documents/CAN-CTRE-PDP/build/cometbot_control/build/lib/cometbot_control
copying cometbot_control/teleop_publisher.py -> /home/ros/Documents/CAN-CTRE-PDP/build/cometbot_control/build/lib/cometbot_control
copying cometbot_control/__init__.py -> /home/ros/Documents/CAN-CTRE-PDP/build/cometbot_control/build/lib/cometbot_control
running install
running install_lib
creating /home/ros/Documents/CAN-CTRE-PDP/install/cometbot_control/lib/python3.10/site-packages/cometbot_control
copying /home/ros/Documents/CAN-CTRE-PDP/build/cometbot_control/build/lib/cometbot_control/teleop_publisher.py -> /home/ros/Documents/CAN-CTRE-PDP/install/cometbot_control/lib/python3.10/site-packages/cometbot_control
copying /home/ros/Documents/CAN-CTRE-PDP/build/cometbot_control/build/lib/cometbot_control/__init__.py -> /home/ros/Documents/CAN-CTRE-PDP/install/cometbot_control/lib/python3.10/site-packages/cometbot_control
byte-compiling /home/ros/Documents/CAN-CTRE-PDP/install/cometbot_control/lib/python3.10/site-packages/cometbot_control/teleop_publisher.py to teleop_publisher.cpython-310.pyc
byte-compiling /home/ros/Documents/CAN-CTRE-PDP/install/cometbot_control/lib/python3.10/site-packages/cometbot_control/__init__.py to __init__.cpython-310.pyc
running install_data
creating /home/ros/Documents/CAN-CTRE-PDP/install/cometbot_control/share/ament_index
creating /home/ros/Documents/CAN-CTRE-PDP/install/cometbot_control/share/ament_index/resource_index
creating /home/ros/Documents/CAN-CTRE-PDP/install/cometbot_control/share/ament_index/resource_index/packages
copying resource/cometbot_control -> /home/ros/Documents/CAN-CTRE-PDP/install/cometbot_control/share/ament_index/resource_index/packages
copying package.xml -> /home/ros/Documents/CAN-CTRE-PDP/install/cometbot_control/share/cometbot_control
running install_egg_info
Copying ../../../build/cometbot_control/cometbot_control.egg-info to /home/ros/Documents/CAN-CTRE-PDP/install/cometbot_control/lib/python3.10/site-packages/cometbot_control-0.0.1-py3.10.egg-info
running install_scripts
Installing teleop_publisher script to /home/ros/Documents/CAN-CTRE-PDP/install/cometbot_control/lib/cometbot_control
writing list of installed files to '/home/ros/Documents/CAN-CTRE-PDP/build/cometbot_control/install.log'
