[0.794s] Invoking command in '/home/ros/Documents/CAN-CTRE-PDP/cometbot_ws/src/cometbot_control': PYTHONPATH=/home/ros/Documents/CAN-CTRE-PDP/build/cometbot_control/prefix_override:/usr/lib/python3/dist-packages/colcon_core/task/python/colcon_distutils_commands:/home/ros/Documents/CAN-CTRE-PDP/install/cometbot_control/lib/python3.10/site-packages: /usr/bin/python3 -W ignore:setup.py install is deprecated setup.py egg_info --egg-base ../../../build/cometbot_control build --build-base /home/ros/Documents/CAN-CTRE-PDP/build/cometbot_control/build install --record /home/ros/Documents/CAN-CTRE-PDP/build/cometbot_control/install.log --single-version-externally-managed install_data
[1.024s] running egg_info
[1.024s] creating ../../../build/cometbot_control/cometbot_control.egg-info
[1.025s] writing ../../../build/cometbot_control/cometbot_control.egg-info/PKG-INFO
[1.025s] writing dependency_links to ../../../build/cometbot_control/cometbot_control.egg-info/dependency_links.txt
[1.025s] writing entry points to ../../../build/cometbot_control/cometbot_control.egg-info/entry_points.txt
[1.025s] writing requirements to ../../../build/cometbot_control/cometbot_control.egg-info/requires.txt
[1.025s] writing top-level names to ../../../build/cometbot_control/cometbot_control.egg-info/top_level.txt
[1.025s] writing manifest file '../../../build/cometbot_control/cometbot_control.egg-info/SOURCES.txt'
[1.025s] reading manifest file '../../../build/cometbot_control/cometbot_control.egg-info/SOURCES.txt'
[1.026s] adding license file 'LICENSE'
[1.026s] writing manifest file '../../../build/cometbot_control/cometbot_control.egg-info/SOURCES.txt'
[1.026s] running build
[1.026s] running build_py
[1.026s] creating /home/ros/Documents/CAN-CTRE-PDP/build/cometbot_control/build
[1.026s] creating /home/ros/Documents/CAN-CTRE-PDP/build/cometbot_control/build/lib
[1.026s] creating /home/ros/Documents/CAN-CTRE-PDP/build/cometbot_control/build/lib/cometbot_control
[1.026s] copying cometbot_control/teleop_publisher.py -> /home/ros/Documents/CAN-CTRE-PDP/build/cometbot_control/build/lib/cometbot_control
[1.026s] copying cometbot_control/__init__.py -> /home/ros/Documents/CAN-CTRE-PDP/build/cometbot_control/build/lib/cometbot_control
[1.026s] running install
[1.026s] running install_lib
[1.026s] creating /home/ros/Documents/CAN-CTRE-PDP/install/cometbot_control/lib/python3.10/site-packages/cometbot_control
[1.027s] copying /home/ros/Documents/CAN-CTRE-PDP/build/cometbot_control/build/lib/cometbot_control/teleop_publisher.py -> /home/ros/Documents/CAN-CTRE-PDP/install/cometbot_control/lib/python3.10/site-packages/cometbot_control
[1.027s] copying /home/ros/Documents/CAN-CTRE-PDP/build/cometbot_control/build/lib/cometbot_control/__init__.py -> /home/ros/Documents/CAN-CTRE-PDP/install/cometbot_control/lib/python3.10/site-packages/cometbot_control
[1.028s] byte-compiling /home/ros/Documents/CAN-CTRE-PDP/install/cometbot_control/lib/python3.10/site-packages/cometbot_control/teleop_publisher.py to teleop_publisher.cpython-310.pyc
[1.029s] byte-compiling /home/ros/Documents/CAN-CTRE-PDP/install/cometbot_control/lib/python3.10/site-packages/cometbot_control/__init__.py to __init__.cpython-310.pyc
[1.029s] running install_data
[1.029s] creating /home/ros/Documents/CAN-CTRE-PDP/install/cometbot_control/share/ament_index
[1.030s] creating /home/ros/Documents/CAN-CTRE-PDP/install/cometbot_control/share/ament_index/resource_index
[1.030s] creating /home/ros/Documents/CAN-CTRE-PDP/install/cometbot_control/share/ament_index/resource_index/packages
[1.030s] copying resource/cometbot_control -> /home/ros/Documents/CAN-CTRE-PDP/install/cometbot_control/share/ament_index/resource_index/packages
[1.030s] copying package.xml -> /home/ros/Documents/CAN-CTRE-PDP/install/cometbot_control/share/cometbot_control
[1.030s] running install_egg_info
[1.032s] Copying ../../../build/cometbot_control/cometbot_control.egg-info to /home/ros/Documents/CAN-CTRE-PDP/install/cometbot_control/lib/python3.10/site-packages/cometbot_control-0.0.1-py3.10.egg-info
[1.042s] running install_scripts
[1.065s] Installing teleop_publisher script to /home/ros/Documents/CAN-CTRE-PDP/install/cometbot_control/lib/cometbot_control
[1.065s] writing list of installed files to '/home/ros/Documents/CAN-CTRE-PDP/build/cometbot_control/install.log'
