running egg_info
writing ../build/cometbot_control/cometbot_control.egg-info/PKG-INFO
writing dependency_links to ../build/cometbot_control/cometbot_control.egg-info/dependency_links.txt
writing entry points to ../build/cometbot_control/cometbot_control.egg-info/entry_points.txt
writing requirements to ../build/cometbot_control/cometbot_control.egg-info/requires.txt
writing top-level names to ../build/cometbot_control/cometbot_control.egg-info/top_level.txt
reading manifest file '../build/cometbot_control/cometbot_control.egg-info/SOURCES.txt'
adding license file 'LICENSE'
writing manifest file '../build/cometbot_control/cometbot_control.egg-info/SOURCES.txt'
running build
running build_py
copying cometbot_control/action_types.py -> /root/CAN/cometbot_ws/src/build/cometbot_control/build/lib/cometbot_control
copying cometbot_control/mission_orchestrator_new.py -> /root/CAN/cometbot_ws/src/build/cometbot_control/build/lib/cometbot_control
copying cometbot_control/excavator_action_server.py -> /root/CAN/cometbot_ws/src/build/cometbot_control/build/lib/cometbot_control
copying cometbot_control/depositor_action_server.py -> /root/CAN/cometbot_ws/src/build/cometbot_control/build/lib/cometbot_control
copying cometbot_control/mission_orchestrator.py -> /root/CAN/cometbot_ws/src/build/cometbot_control/build/lib/cometbot_control
copying cometbot_control/action_client_example.py -> /root/CAN/cometbot_ws/src/build/cometbot_control/build/lib/cometbot_control
creating /root/CAN/cometbot_ws/src/build/cometbot_control/build/lib/cometbot_control/sensors
copying cometbot_control/sensors/load_sensor.py -> /root/CAN/cometbot_ws/src/build/cometbot_control/build/lib/cometbot_control/sensors
copying cometbot_control/sensors/__init__.py -> /root/CAN/cometbot_ws/src/build/cometbot_control/build/lib/cometbot_control/sensors
running install
running install_lib
copying /root/CAN/cometbot_ws/src/build/cometbot_control/build/lib/cometbot_control/action_types.py -> /root/CAN/cometbot_ws/src/install/cometbot_control/lib/python3.10/site-packages/cometbot_control
copying /root/CAN/cometbot_ws/src/build/cometbot_control/build/lib/cometbot_control/mission_orchestrator_new.py -> /root/CAN/cometbot_ws/src/install/cometbot_control/lib/python3.10/site-packages/cometbot_control
creating /root/CAN/cometbot_ws/src/install/cometbot_control/lib/python3.10/site-packages/cometbot_control/sensors
copying /root/CAN/cometbot_ws/src/build/cometbot_control/build/lib/cometbot_control/sensors/load_sensor.py -> /root/CAN/cometbot_ws/src/install/cometbot_control/lib/python3.10/site-packages/cometbot_control/sensors
copying /root/CAN/cometbot_ws/src/build/cometbot_control/build/lib/cometbot_control/sensors/__init__.py -> /root/CAN/cometbot_ws/src/install/cometbot_control/lib/python3.10/site-packages/cometbot_control/sensors
copying /root/CAN/cometbot_ws/src/build/cometbot_control/build/lib/cometbot_control/excavator_action_server.py -> /root/CAN/cometbot_ws/src/install/cometbot_control/lib/python3.10/site-packages/cometbot_control
copying /root/CAN/cometbot_ws/src/build/cometbot_control/build/lib/cometbot_control/depositor_action_server.py -> /root/CAN/cometbot_ws/src/install/cometbot_control/lib/python3.10/site-packages/cometbot_control
copying /root/CAN/cometbot_ws/src/build/cometbot_control/build/lib/cometbot_control/mission_orchestrator.py -> /root/CAN/cometbot_ws/src/install/cometbot_control/lib/python3.10/site-packages/cometbot_control
copying /root/CAN/cometbot_ws/src/build/cometbot_control/build/lib/cometbot_control/action_client_example.py -> /root/CAN/cometbot_ws/src/install/cometbot_control/lib/python3.10/site-packages/cometbot_control
byte-compiling /root/CAN/cometbot_ws/src/install/cometbot_control/lib/python3.10/site-packages/cometbot_control/action_types.py to action_types.cpython-310.pyc
byte-compiling /root/CAN/cometbot_ws/src/install/cometbot_control/lib/python3.10/site-packages/cometbot_control/mission_orchestrator_new.py to mission_orchestrator_new.cpython-310.pyc
byte-compiling /root/CAN/cometbot_ws/src/install/cometbot_control/lib/python3.10/site-packages/cometbot_control/sensors/load_sensor.py to load_sensor.cpython-310.pyc
byte-compiling /root/CAN/cometbot_ws/src/install/cometbot_control/lib/python3.10/site-packages/cometbot_control/sensors/__init__.py to __init__.cpython-310.pyc
byte-compiling /root/CAN/cometbot_ws/src/install/cometbot_control/lib/python3.10/site-packages/cometbot_control/excavator_action_server.py to excavator_action_server.cpython-310.pyc
byte-compiling /root/CAN/cometbot_ws/src/install/cometbot_control/lib/python3.10/site-packages/cometbot_control/depositor_action_server.py to depositor_action_server.cpython-310.pyc
byte-compiling /root/CAN/cometbot_ws/src/install/cometbot_control/lib/python3.10/site-packages/cometbot_control/mission_orchestrator.py to mission_orchestrator.cpython-310.pyc
byte-compiling /root/CAN/cometbot_ws/src/install/cometbot_control/lib/python3.10/site-packages/cometbot_control/action_client_example.py to action_client_example.cpython-310.pyc
running install_data
creating /root/CAN/cometbot_ws/src/install/cometbot_control/share/cometbot_control/launch
copying launch/mission_sim.launch.py -> /root/CAN/cometbot_ws/src/install/cometbot_control/share/cometbot_control/launch
running install_egg_info
removing '/root/CAN/cometbot_ws/src/install/cometbot_control/lib/python3.10/site-packages/cometbot_control-0.0.1-py3.10.egg-info' (and everything under it)
Copying ../build/cometbot_control/cometbot_control.egg-info to /root/CAN/cometbot_ws/src/install/cometbot_control/lib/python3.10/site-packages/cometbot_control-0.0.1-py3.10.egg-info
running install_scripts
Installing depositor_action_server script to /root/CAN/cometbot_ws/src/install/cometbot_control/lib/cometbot_control
Installing excavator_action_server script to /root/CAN/cometbot_ws/src/install/cometbot_control/lib/cometbot_control
Installing load_sensor script to /root/CAN/cometbot_ws/src/install/cometbot_control/lib/cometbot_control
Installing mission_orchestrator script to /root/CAN/cometbot_ws/src/install/cometbot_control/lib/cometbot_control
Installing teleop_publisher script to /root/CAN/cometbot_ws/src/install/cometbot_control/lib/cometbot_control
writing list of installed files to '/root/CAN/cometbot_ws/src/build/cometbot_control/install.log'
