[2.111s] Invoking command in '/root/CAN/cometbot_ws/src/cometbot_control': PYTHONPATH=/root/CAN/cometbot_ws/src/build/cometbot_control/prefix_override:/usr/lib/python3/dist-packages/colcon_core/task/python/colcon_distutils_commands:/root/CAN/cometbot_ws/src/install/cometbot_control/lib/python3.10/site-packages:${PYTHONPATH} /usr/bin/python3 -W ignore:setup.py install is deprecated -W ignore:easy_install command is deprecated setup.py egg_info --egg-base ../build/cometbot_control build --build-base /root/CAN/cometbot_ws/src/build/cometbot_control/build install --record /root/CAN/cometbot_ws/src/build/cometbot_control/install.log --single-version-externally-managed install_data
[2.549s] running egg_info
[2.552s] writing ../build/cometbot_control/cometbot_control.egg-info/PKG-INFO
[2.556s] writing dependency_links to ../build/cometbot_control/cometbot_control.egg-info/dependency_links.txt
[2.558s] writing entry points to ../build/cometbot_control/cometbot_control.egg-info/entry_points.txt
[2.562s] writing requirements to ../build/cometbot_control/cometbot_control.egg-info/requires.txt
[2.562s] writing top-level names to ../build/cometbot_control/cometbot_control.egg-info/top_level.txt
[2.574s] reading manifest file '../build/cometbot_control/cometbot_control.egg-info/SOURCES.txt'
[2.577s] adding license file 'LICENSE'
[2.580s] writing manifest file '../build/cometbot_control/cometbot_control.egg-info/SOURCES.txt'
[2.582s] running build
[2.583s] running build_py
[2.584s] copying cometbot_control/action_types.py -> /root/CAN/cometbot_ws/src/build/cometbot_control/build/lib/cometbot_control
[2.588s] copying cometbot_control/mission_orchestrator_new.py -> /root/CAN/cometbot_ws/src/build/cometbot_control/build/lib/cometbot_control
[2.591s] copying cometbot_control/excavator_action_server.py -> /root/CAN/cometbot_ws/src/build/cometbot_control/build/lib/cometbot_control
[2.593s] copying cometbot_control/depositor_action_server.py -> /root/CAN/cometbot_ws/src/build/cometbot_control/build/lib/cometbot_control
[2.595s] copying cometbot_control/mission_orchestrator.py -> /root/CAN/cometbot_ws/src/build/cometbot_control/build/lib/cometbot_control
[2.597s] copying cometbot_control/action_client_example.py -> /root/CAN/cometbot_ws/src/build/cometbot_control/build/lib/cometbot_control
[2.600s] creating /root/CAN/cometbot_ws/src/build/cometbot_control/build/lib/cometbot_control/sensors
[2.601s] copying cometbot_control/sensors/load_sensor.py -> /root/CAN/cometbot_ws/src/build/cometbot_control/build/lib/cometbot_control/sensors
[2.604s] copying cometbot_control/sensors/__init__.py -> /root/CAN/cometbot_ws/src/build/cometbot_control/build/lib/cometbot_control/sensors
[2.609s] running install
[2.611s] running install_lib
[2.615s] copying /root/CAN/cometbot_ws/src/build/cometbot_control/build/lib/cometbot_control/action_types.py -> /root/CAN/cometbot_ws/src/install/cometbot_control/lib/python3.10/site-packages/cometbot_control
[2.616s] copying /root/CAN/cometbot_ws/src/build/cometbot_control/build/lib/cometbot_control/mission_orchestrator_new.py -> /root/CAN/cometbot_ws/src/install/cometbot_control/lib/python3.10/site-packages/cometbot_control
[2.617s] creating /root/CAN/cometbot_ws/src/install/cometbot_control/lib/python3.10/site-packages/cometbot_control/sensors
[2.618s] copying /root/CAN/cometbot_ws/src/build/cometbot_control/build/lib/cometbot_control/sensors/load_sensor.py -> /root/CAN/cometbot_ws/src/install/cometbot_control/lib/python3.10/site-packages/cometbot_control/sensors
[2.618s] copying /root/CAN/cometbot_ws/src/build/cometbot_control/build/lib/cometbot_control/sensors/__init__.py -> /root/CAN/cometbot_ws/src/install/cometbot_control/lib/python3.10/site-packages/cometbot_control/sensors
[2.619s] copying /root/CAN/cometbot_ws/src/build/cometbot_control/build/lib/cometbot_control/excavator_action_server.py -> /root/CAN/cometbot_ws/src/install/cometbot_control/lib/python3.10/site-packages/cometbot_control
[2.620s] copying /root/CAN/cometbot_ws/src/build/cometbot_control/build/lib/cometbot_control/depositor_action_server.py -> /root/CAN/cometbot_ws/src/install/cometbot_control/lib/python3.10/site-packages/cometbot_control
[2.621s] copying /root/CAN/cometbot_ws/src/build/cometbot_control/build/lib/cometbot_control/mission_orchestrator.py -> /root/CAN/cometbot_ws/src/install/cometbot_control/lib/python3.10/site-packages/cometbot_control
[2.623s] copying /root/CAN/cometbot_ws/src/build/cometbot_control/build/lib/cometbot_control/action_client_example.py -> /root/CAN/cometbot_ws/src/install/cometbot_control/lib/python3.10/site-packages/cometbot_control
[2.624s] byte-compiling /root/CAN/cometbot_ws/src/install/cometbot_control/lib/python3.10/site-packages/cometbot_control/action_types.py to action_types.cpython-310.pyc
[2.625s] byte-compiling /root/CAN/cometbot_ws/src/install/cometbot_control/lib/python3.10/site-packages/cometbot_control/mission_orchestrator_new.py to mission_orchestrator_new.cpython-310.pyc
[2.628s] byte-compiling /root/CAN/cometbot_ws/src/install/cometbot_control/lib/python3.10/site-packages/cometbot_control/sensors/load_sensor.py to load_sensor.cpython-310.pyc
[2.631s] byte-compiling /root/CAN/cometbot_ws/src/install/cometbot_control/lib/python3.10/site-packages/cometbot_control/sensors/__init__.py to __init__.cpython-310.pyc
[2.631s] byte-compiling /root/CAN/cometbot_ws/src/install/cometbot_control/lib/python3.10/site-packages/cometbot_control/excavator_action_server.py to excavator_action_server.cpython-310.pyc
[2.633s] byte-compiling /root/CAN/cometbot_ws/src/install/cometbot_control/lib/python3.10/site-packages/cometbot_control/depositor_action_server.py to depositor_action_server.cpython-310.pyc
[2.634s] byte-compiling /root/CAN/cometbot_ws/src/install/cometbot_control/lib/python3.10/site-packages/cometbot_control/mission_orchestrator.py to mission_orchestrator.cpython-310.pyc
[2.635s] byte-compiling /root/CAN/cometbot_ws/src/install/cometbot_control/lib/python3.10/site-packages/cometbot_control/action_client_example.py to action_client_example.cpython-310.pyc
[2.637s] running install_data
[2.639s] creating /root/CAN/cometbot_ws/src/install/cometbot_control/share/cometbot_control/launch
[2.639s] copying launch/mission_sim.launch.py -> /root/CAN/cometbot_ws/src/install/cometbot_control/share/cometbot_control/launch
[2.640s] running install_egg_info
[2.645s] removing '/root/CAN/cometbot_ws/src/install/cometbot_control/lib/python3.10/site-packages/cometbot_control-0.0.1-py3.10.egg-info' (and everything under it)
[2.656s] Copying ../build/cometbot_control/cometbot_control.egg-info to /root/CAN/cometbot_ws/src/install/cometbot_control/lib/python3.10/site-packages/cometbot_control-0.0.1-py3.10.egg-info
[2.663s] running install_scripts
[2.700s] Installing depositor_action_server script to /root/CAN/cometbot_ws/src/install/cometbot_control/lib/cometbot_control
[2.703s] Installing excavator_action_server script to /root/CAN/cometbot_ws/src/install/cometbot_control/lib/cometbot_control
[2.703s] Installing load_sensor script to /root/CAN/cometbot_ws/src/install/cometbot_control/lib/cometbot_control
[2.703s] Installing mission_orchestrator script to /root/CAN/cometbot_ws/src/install/cometbot_control/lib/cometbot_control
[2.703s] Installing teleop_publisher script to /root/CAN/cometbot_ws/src/install/cometbot_control/lib/cometbot_control
[2.704s] writing list of installed files to '/root/CAN/cometbot_ws/src/build/cometbot_control/install.log'
[2.751s] Invoked command in '/root/CAN/cometbot_ws/src/cometbot_control' returned '0': PYTHONPATH=/root/CAN/cometbot_ws/src/build/cometbot_control/prefix_override:/usr/lib/python3/dist-packages/colcon_core/task/python/colcon_distutils_commands:/root/CAN/cometbot_ws/src/install/cometbot_control/lib/python3.10/site-packages:${PYTHONPATH} /usr/bin/python3 -W ignore:setup.py install is deprecated -W ignore:easy_install command is deprecated setup.py egg_info --egg-base ../build/cometbot_control build --build-base /root/CAN/cometbot_ws/src/build/cometbot_control/build install --record /root/CAN/cometbot_ws/src/build/cometbot_control/install.log --single-version-externally-managed install_data
