/root/CAN/cometbot_ws/src/install/cometbot_control/lib/python3.10/site-packages/cometbot_control/action_types.py
/root/CAN/cometbot_ws/src/install/cometbot_control/lib/python3.10/site-packages/cometbot_control/mission_orchestrator_new.py
/root/CAN/cometbot_ws/src/install/cometbot_control/lib/python3.10/site-packages/cometbot_control/__init__.py
/root/CAN/cometbot_ws/src/install/cometbot_control/lib/python3.10/site-packages/cometbot_control/excavator_action_server.py
/root/CAN/cometbot_ws/src/install/cometbot_control/lib/python3.10/site-packages/cometbot_control/depositor_action_server.py
/root/CAN/cometbot_ws/src/install/cometbot_control/lib/python3.10/site-packages/cometbot_control/mission_orchestrator.py
/root/CAN/cometbot_ws/src/install/cometbot_control/lib/python3.10/site-packages/cometbot_control/teleop_publisher.py
/root/CAN/cometbot_ws/src/install/cometbot_control/lib/python3.10/site-packages/cometbot_control/action_client_example.py
/root/CAN/cometbot_ws/src/install/cometbot_control/lib/python3.10/site-packages/cometbot_control/sensors/load_sensor.py
/root/CAN/cometbot_ws/src/install/cometbot_control/lib/python3.10/site-packages/cometbot_control/sensors/__init__.py
/root/CAN/cometbot_ws/src/install/cometbot_control/lib/python3.10/site-packages/cometbot_control/__pycache__/action_types.cpython-310.pyc
/root/CAN/cometbot_ws/src/install/cometbot_control/lib/python3.10/site-packages/cometbot_control/__pycache__/mission_orchestrator_new.cpython-310.pyc
/root/CAN/cometbot_ws/src/install/cometbot_control/lib/python3.10/site-packages/cometbot_control/__pycache__/__init__.cpython-310.pyc
/root/CAN/cometbot_ws/src/install/cometbot_control/lib/python3.10/site-packages/cometbot_control/__pycache__/excavator_action_server.cpython-310.pyc
/root/CAN/cometbot_ws/src/install/cometbot_control/lib/python3.10/site-packages/cometbot_control/__pycache__/depositor_action_server.cpython-310.pyc
/root/CAN/cometbot_ws/src/install/cometbot_control/lib/python3.10/site-packages/cometbot_control/__pycache__/mission_orchestrator.cpython-310.pyc
/root/CAN/cometbot_ws/src/install/cometbot_control/lib/python3.10/site-packages/cometbot_control/__pycache__/teleop_publisher.cpython-310.pyc
/root/CAN/cometbot_ws/src/install/cometbot_control/lib/python3.10/site-packages/cometbot_control/__pycache__/action_client_example.cpython-310.pyc
/root/CAN/cometbot_ws/src/install/cometbot_control/lib/python3.10/site-packages/cometbot_control/sensors/__pycache__/load_sensor.cpython-310.pyc
/root/CAN/cometbot_ws/src/install/cometbot_control/lib/python3.10/site-packages/cometbot_control/sensors/__pycache__/__init__.cpython-310.pyc
/root/CAN/cometbot_ws/src/install/cometbot_control/share/ament_index/resource_index/packages/cometbot_control
/root/CAN/cometbot_ws/src/install/cometbot_control/share/cometbot_control/package.xml
/root/CAN/cometbot_ws/src/install/cometbot_control/share/cometbot_control/launch/mission_sim.launch.py
/root/CAN/cometbot_ws/src/install/cometbot_control/lib/python3.10/site-packages/cometbot_control-0.0.1-py3.10.egg-info/SOURCES.txt
/root/CAN/cometbot_ws/src/install/cometbot_control/lib/python3.10/site-packages/cometbot_control-0.0.1-py3.10.egg-info/zip-safe
/root/CAN/cometbot_ws/src/install/cometbot_control/lib/python3.10/site-packages/cometbot_control-0.0.1-py3.10.egg-info/requires.txt
/root/CAN/cometbot_ws/src/install/cometbot_control/lib/python3.10/site-packages/cometbot_control-0.0.1-py3.10.egg-info/PKG-INFO
/root/CAN/cometbot_ws/src/install/cometbot_control/lib/python3.10/site-packages/cometbot_control-0.0.1-py3.10.egg-info/dependency_links.txt
/root/CAN/cometbot_ws/src/install/cometbot_control/lib/python3.10/site-packages/cometbot_control-0.0.1-py3.10.egg-info/top_level.txt
/root/CAN/cometbot_ws/src/install/cometbot_control/lib/python3.10/site-packages/cometbot_control-0.0.1-py3.10.egg-info/entry_points.txt
/root/CAN/cometbot_ws/src/install/cometbot_control/lib/cometbot_control/depositor_action_server
/root/CAN/cometbot_ws/src/install/cometbot_control/lib/cometbot_control/excavator_action_server
/root/CAN/cometbot_ws/src/install/cometbot_control/lib/cometbot_control/load_sensor
/root/CAN/cometbot_ws/src/install/cometbot_control/lib/cometbot_control/mission_orchestrator
/root/CAN/cometbot_ws/src/install/cometbot_control/lib/cometbot_control/teleop_publisher
